PREHOOK: query: -- single level partition, sorted dynamic partition enabled
drop table acid
PREHOOK: type: DROPTABLE
POSTHOOK: query: -- single level partition, sorted dynamic partition enabled
drop table acid
POSTHOOK: type: DROPTABLE
PREHOOK: query: CREATE TABLE acid(key string, value string) PARTITIONED BY(ds string) CLUSTERED BY(key) INTO 2 BUCKETS STORED AS ORC TBLPROPERTIES ('transactional'='true')
PREHOOK: type: CREATETABLE
PREHOOK: Output: database:default
PREHOOK: Output: default@acid
POSTHOOK: query: CREATE TABLE acid(key string, value string) PARTITIONED BY(ds string) CLUSTERED BY(key) INTO 2 BUCKETS STORED AS ORC TBLPROPERTIES ('transactional'='true')
POSTHOOK: type: CREATETABLE
POSTHOOK: Output: database:default
POSTHOOK: Output: default@acid
PREHOOK: query: insert into table acid partition(ds)  select key,value,ds from srcpart
PREHOOK: type: QUERY
PREHOOK: Input: default@srcpart
PREHOOK: Input: default@srcpart@ds=2008-04-08/hr=11
PREHOOK: Input: default@srcpart@ds=2008-04-08/hr=12
PREHOOK: Input: default@srcpart@ds=2008-04-09/hr=11
PREHOOK: Input: default@srcpart@ds=2008-04-09/hr=12
PREHOOK: Output: default@acid
POSTHOOK: query: insert into table acid partition(ds)  select key,value,ds from srcpart
POSTHOOK: type: QUERY
POSTHOOK: Input: default@srcpart
POSTHOOK: Input: default@srcpart@ds=2008-04-08/hr=11
POSTHOOK: Input: default@srcpart@ds=2008-04-08/hr=12
POSTHOOK: Input: default@srcpart@ds=2008-04-09/hr=11
POSTHOOK: Input: default@srcpart@ds=2008-04-09/hr=12
POSTHOOK: Output: default@acid@ds=2008-04-08
POSTHOOK: Output: default@acid@ds=2008-04-09
POSTHOOK: Lineage: acid PARTITION(ds=2008-04-08).key SIMPLE [(srcpart)srcpart.FieldSchema(name:key, type:string, comment:default), ]
POSTHOOK: Lineage: acid PARTITION(ds=2008-04-08).value SIMPLE [(srcpart)srcpart.FieldSchema(name:value, type:string, comment:default), ]
POSTHOOK: Lineage: acid PARTITION(ds=2008-04-09).key SIMPLE [(srcpart)srcpart.FieldSchema(name:key, type:string, comment:default), ]
POSTHOOK: Lineage: acid PARTITION(ds=2008-04-09).value SIMPLE [(srcpart)srcpart.FieldSchema(name:value, type:string, comment:default), ]
PREHOOK: query: select count(*) from acid where ds='2008-04-08'
PREHOOK: type: QUERY
PREHOOK: Input: default@acid
PREHOOK: Input: default@acid@ds=2008-04-08
#### A masked pattern was here ####
POSTHOOK: query: select count(*) from acid where ds='2008-04-08'
POSTHOOK: type: QUERY
POSTHOOK: Input: default@acid
POSTHOOK: Input: default@acid@ds=2008-04-08
#### A masked pattern was here ####
1000
PREHOOK: query: select count(*) from acid where ds='2008-04-08'
PREHOOK: type: QUERY
PREHOOK: Input: default@acid
PREHOOK: Input: default@acid@ds=2008-04-08
#### A masked pattern was here ####
POSTHOOK: query: select count(*) from acid where ds='2008-04-08'
POSTHOOK: type: QUERY
POSTHOOK: Input: default@acid
POSTHOOK: Input: default@acid@ds=2008-04-08
#### A masked pattern was here ####
1000
PREHOOK: query: analyze table acid partition(ds='2008-04-08') compute statistics
PREHOOK: type: QUERY
PREHOOK: Input: default@acid
PREHOOK: Output: default@acid
PREHOOK: Output: default@acid@ds=2008-04-08
POSTHOOK: query: analyze table acid partition(ds='2008-04-08') compute statistics
POSTHOOK: type: QUERY
POSTHOOK: Input: default@acid
POSTHOOK: Output: default@acid
POSTHOOK: Output: default@acid@ds=2008-04-08
PREHOOK: query: analyze table acid partition(ds='2008-04-08') compute statistics for columns
PREHOOK: type: QUERY
PREHOOK: Input: default@acid
PREHOOK: Input: default@acid@ds=2008-04-08
#### A masked pattern was here ####
POSTHOOK: query: analyze table acid partition(ds='2008-04-08') compute statistics for columns
POSTHOOK: type: QUERY
POSTHOOK: Input: default@acid
POSTHOOK: Input: default@acid@ds=2008-04-08
#### A masked pattern was here ####
PREHOOK: query: insert into table acid partition(ds)  select key,value,ds from srcpart
PREHOOK: type: QUERY
PREHOOK: Input: default@srcpart
PREHOOK: Input: default@srcpart@ds=2008-04-08/hr=11
PREHOOK: Input: default@srcpart@ds=2008-04-08/hr=12
PREHOOK: Input: default@srcpart@ds=2008-04-09/hr=11
PREHOOK: Input: default@srcpart@ds=2008-04-09/hr=12
PREHOOK: Output: default@acid
POSTHOOK: query: insert into table acid partition(ds)  select key,value,ds from srcpart
POSTHOOK: type: QUERY
POSTHOOK: Input: default@srcpart
POSTHOOK: Input: default@srcpart@ds=2008-04-08/hr=11
POSTHOOK: Input: default@srcpart@ds=2008-04-08/hr=12
POSTHOOK: Input: default@srcpart@ds=2008-04-09/hr=11
POSTHOOK: Input: default@srcpart@ds=2008-04-09/hr=12
POSTHOOK: Output: default@acid@ds=2008-04-08
POSTHOOK: Output: default@acid@ds=2008-04-09
POSTHOOK: Lineage: acid PARTITION(ds=2008-04-08).key SIMPLE [(srcpart)srcpart.FieldSchema(name:key, type:string, comment:default), ]
POSTHOOK: Lineage: acid PARTITION(ds=2008-04-08).value SIMPLE [(srcpart)srcpart.FieldSchema(name:value, type:string, comment:default), ]
POSTHOOK: Lineage: acid PARTITION(ds=2008-04-09).key SIMPLE [(srcpart)srcpart.FieldSchema(name:key, type:string, comment:default), ]
POSTHOOK: Lineage: acid PARTITION(ds=2008-04-09).value SIMPLE [(srcpart)srcpart.FieldSchema(name:value, type:string, comment:default), ]
PREHOOK: query: analyze table acid partition(ds='2008-04-08') compute statistics
PREHOOK: type: QUERY
PREHOOK: Input: default@acid
PREHOOK: Output: default@acid
PREHOOK: Output: default@acid@ds=2008-04-08
POSTHOOK: query: analyze table acid partition(ds='2008-04-08') compute statistics
POSTHOOK: type: QUERY
POSTHOOK: Input: default@acid
POSTHOOK: Output: default@acid
POSTHOOK: Output: default@acid@ds=2008-04-08
PREHOOK: query: drop table acid
PREHOOK: type: DROPTABLE
PREHOOK: Input: default@acid
PREHOOK: Output: default@acid
POSTHOOK: query: drop table acid
POSTHOOK: type: DROPTABLE
POSTHOOK: Input: default@acid
POSTHOOK: Output: default@acid
PREHOOK: query: CREATE TABLE acid(key string, value string) PARTITIONED BY(ds string) CLUSTERED BY(key) INTO 2 BUCKETS STORED AS ORC
PREHOOK: type: CREATETABLE
PREHOOK: Output: database:default
PREHOOK: Output: default@acid
POSTHOOK: query: CREATE TABLE acid(key string, value string) PARTITIONED BY(ds string) CLUSTERED BY(key) INTO 2 BUCKETS STORED AS ORC
POSTHOOK: type: CREATETABLE
POSTHOOK: Output: database:default
POSTHOOK: Output: default@acid
PREHOOK: query: insert into table acid partition(ds)  select key,value,ds from srcpart
PREHOOK: type: QUERY
PREHOOK: Input: default@srcpart
PREHOOK: Input: default@srcpart@ds=2008-04-08/hr=11
PREHOOK: Input: default@srcpart@ds=2008-04-08/hr=12
PREHOOK: Input: default@srcpart@ds=2008-04-09/hr=11
PREHOOK: Input: default@srcpart@ds=2008-04-09/hr=12
PREHOOK: Output: default@acid
POSTHOOK: query: insert into table acid partition(ds)  select key,value,ds from srcpart
POSTHOOK: type: QUERY
POSTHOOK: Input: default@srcpart
POSTHOOK: Input: default@srcpart@ds=2008-04-08/hr=11
POSTHOOK: Input: default@srcpart@ds=2008-04-08/hr=12
POSTHOOK: Input: default@srcpart@ds=2008-04-09/hr=11
POSTHOOK: Input: default@srcpart@ds=2008-04-09/hr=12
POSTHOOK: Output: default@acid@ds=2008-04-08
POSTHOOK: Output: default@acid@ds=2008-04-09
POSTHOOK: Lineage: acid PARTITION(ds=2008-04-08).key SIMPLE [(srcpart)srcpart.FieldSchema(name:key, type:string, comment:default), ]
POSTHOOK: Lineage: acid PARTITION(ds=2008-04-08).value SIMPLE [(srcpart)srcpart.FieldSchema(name:value, type:string, comment:default), ]
POSTHOOK: Lineage: acid PARTITION(ds=2008-04-09).key SIMPLE [(srcpart)srcpart.FieldSchema(name:key, type:string, comment:default), ]
POSTHOOK: Lineage: acid PARTITION(ds=2008-04-09).value SIMPLE [(srcpart)srcpart.FieldSchema(name:value, type:string, comment:default), ]
PREHOOK: query: select count(*) from acid where ds='2008-04-08'
PREHOOK: type: QUERY
PREHOOK: Input: default@acid
PREHOOK: Input: default@acid@ds=2008-04-08
#### A masked pattern was here ####
POSTHOOK: query: select count(*) from acid where ds='2008-04-08'
POSTHOOK: type: QUERY
POSTHOOK: Input: default@acid
POSTHOOK: Input: default@acid@ds=2008-04-08
#### A masked pattern was here ####
1000
PREHOOK: query: select count(*) from acid where ds='2008-04-08'
PREHOOK: type: QUERY
PREHOOK: Input: default@acid
#### A masked pattern was here ####
POSTHOOK: query: select count(*) from acid where ds='2008-04-08'
POSTHOOK: type: QUERY
POSTHOOK: Input: default@acid
#### A masked pattern was here ####
1000
