PREHOOK: query: create table testpart1(id int) partitioned by (dept string)
PREHOOK: type: CREATETABLE
PREHOOK: Output: database:default
PREHOOK: Output: default@testpart1
POSTHOOK: query: create table testpart1(id int) partitioned by (dept string)
POSTHOOK: type: CREATETABLE
POSTHOOK: Output: database:default
POSTHOOK: Output: default@testpart1
PREHOOK: query: alter table testpart1 add partition(dept='a')
PREHOOK: type: ALTERTABLE_ADDPARTS
PREHOOK: Output: default@testpart1
POSTHOOK: query: alter table testpart1 add partition(dept='a')
POSTHOOK: type: ALTERTABLE_ADDPARTS
POSTHOOK: Output: default@testpart1
POSTHOOK: Output: default@testpart1@dept=a
PREHOOK: query: insert into table testpart1 partition(dept='a') values (1)
PREHOOK: type: QUERY
PREHOOK: Input: default@values__tmp__table__1
PREHOOK: Output: default@testpart1@dept=a
POSTHOOK: query: insert into table testpart1 partition(dept='a') values (1)
POSTHOOK: type: QUERY
POSTHOOK: Input: default@values__tmp__table__1
POSTHOOK: Output: default@testpart1@dept=a
POSTHOOK: Lineage: testpart1 PARTITION(dept=a).id EXPRESSION [(values__tmp__table__1)values__tmp__table__1.FieldSchema(name:tmp_values_col1, type:string, comment:), ]
PREHOOK: query: analyze table testpart1 partition(dept='a') compute statistics for columns
PREHOOK: type: QUERY
PREHOOK: Input: default@testpart1
PREHOOK: Input: default@testpart1@dept=a
#### A masked pattern was here ####
POSTHOOK: query: analyze table testpart1 partition(dept='a') compute statistics for columns
POSTHOOK: type: QUERY
POSTHOOK: Input: default@testpart1
POSTHOOK: Input: default@testpart1@dept=a
#### A masked pattern was here ####
PREHOOK: query: alter table testpart1 rename to testpart1_rename
PREHOOK: type: ALTERTABLE_RENAME
PREHOOK: Input: default@testpart1
PREHOOK: Output: default@testpart1
POSTHOOK: query: alter table testpart1 rename to testpart1_rename
POSTHOOK: type: ALTERTABLE_RENAME
POSTHOOK: Input: default@testpart1
POSTHOOK: Output: default@testpart1
POSTHOOK: Output: default@testpart1_rename
PREHOOK: query: drop table testpart1_rename
PREHOOK: type: DROPTABLE
PREHOOK: Input: default@testpart1_rename
PREHOOK: Output: default@testpart1_rename
POSTHOOK: query: drop table testpart1_rename
POSTHOOK: type: DROPTABLE
POSTHOOK: Input: default@testpart1_rename
POSTHOOK: Output: default@testpart1_rename
