PREHOOK: query: create table default_std_auth_table_creator_priv_test(i int)
PREHOOK: type: CREATETABLE
PREHOOK: Output: database:default
POSTHOOK: query: create table default_std_auth_table_creator_priv_test(i int)
POSTHOOK: type: CREATETABLE
POSTHOOK: Output: database:default
POSTHOOK: Output: default@default_std_auth_table_creator_priv_test
#### A masked pattern was here ####
show grant on table default_std_auth_table_creator_priv_test
PREHOOK: type: SHOW_GRANT
#### A masked pattern was here ####
show grant on table default_std_auth_table_creator_priv_test
POSTHOOK: type: SHOW_GRANT
default	default_std_auth_table_creator_priv_test			hive_test_user	USER	DELETE	true	-1	hive_test_user
default	default_std_auth_table_creator_priv_test			hive_test_user	USER	INSERT	true	-1	hive_test_user
default	default_std_auth_table_creator_priv_test			hive_test_user	USER	SELECT	true	-1	hive_test_user
default	default_std_auth_table_creator_priv_test			hive_test_user	USER	UPDATE	true	-1	hive_test_user
