PREHOOK: query: -- verify we get the sentinel schema if we don't provide one

CREATE TABLE avro_with_no_schema
ROW FORMAT
SERDE 'org.apache.hadoop.hive.serde2.avro.AvroSerDe'
STORED AS
INPUTFORMAT 'org.apache.hadoop.hive.ql.io.avro.AvroContainerInputFormat'
OUTPUTFORMAT 'org.apache.hadoop.hive.ql.io.avro.AvroContainerOutputFormat'
PREHOOK: type: CREATETABLE
POSTHOOK: query: -- verify we get the sentinel schema if we don't provide one

CREATE TABLE avro_with_no_schema
ROW FORMAT
SERDE 'org.apache.hadoop.hive.serde2.avro.AvroSerDe'
STORED AS
INPUTFORMAT 'org.apache.hadoop.hive.ql.io.avro.AvroContainerInputFormat'
OUTPUTFORMAT 'org.apache.hadoop.hive.ql.io.avro.AvroContainerOutputFormat'
POSTHOOK: type: CREATETABLE
POSTHOOK: Output: default@avro_with_no_schema
PREHOOK: query: DESCRIBE avro_with_no_schema
PREHOOK: type: DESCTABLE
POSTHOOK: query: DESCRIBE avro_with_no_schema
POSTHOOK: type: DESCTABLE
error_error_error_error_error_error_error	string              	                    
cannot_determine_schema	string              	                    
check               	string              	                    
schema              	string              	                    
url                 	string              	                    
and                 	string              	                    
literal             	string              	                    
