PREHOOK: query: drop table if exists t1
PREHOOK: type: DROPTABLE
POSTHOOK: query: drop table if exists t1
POSTHOOK: type: DROPTABLE
PREHOOK: query: drop table if exists t2
PREHOOK: type: DROPTABLE
POSTHOOK: query: drop table if exists t2
POSTHOOK: type: DROPTABLE
PREHOOK: query: drop table if exists t3
PREHOOK: type: DROPTABLE
POSTHOOK: query: drop table if exists t3
POSTHOOK: type: DROPTABLE
PREHOOK: query: create table t1(key string, value string, c_int int, c_float float, c_boolean boolean)  row format delimited fields terminated by ',' STORED AS TEXTFILE
PREHOOK: type: CREATETABLE
PREHOOK: Output: database:default
POSTHOOK: query: create table t1(key string, value string, c_int int, c_float float, c_boolean boolean)  row format delimited fields terminated by ',' STORED AS TEXTFILE
POSTHOOK: type: CREATETABLE
POSTHOOK: Output: database:default
POSTHOOK: Output: default@t1
PREHOOK: query: create table t2(key string, value string, c_int int, c_float float, c_boolean boolean)  row format delimited fields terminated by ',' STORED AS TEXTFILE
PREHOOK: type: CREATETABLE
PREHOOK: Output: database:default
POSTHOOK: query: create table t2(key string, value string, c_int int, c_float float, c_boolean boolean)  row format delimited fields terminated by ',' STORED AS TEXTFILE
POSTHOOK: type: CREATETABLE
POSTHOOK: Output: database:default
POSTHOOK: Output: default@t2
PREHOOK: query: create table t3(key string, value string, c_int int, c_float float, c_boolean boolean)  row format delimited fields terminated by ',' STORED AS TEXTFILE
PREHOOK: type: CREATETABLE
PREHOOK: Output: database:default
POSTHOOK: query: create table t3(key string, value string, c_int int, c_float float, c_boolean boolean)  row format delimited fields terminated by ',' STORED AS TEXTFILE
POSTHOOK: type: CREATETABLE
POSTHOOK: Output: database:default
POSTHOOK: Output: default@t3
PREHOOK: query: load data local inpath '../../data/files/cbo_t1.txt' into table t1
PREHOOK: type: LOAD
#### A masked pattern was here ####
PREHOOK: Output: default@t1
POSTHOOK: query: load data local inpath '../../data/files/cbo_t1.txt' into table t1
POSTHOOK: type: LOAD
#### A masked pattern was here ####
POSTHOOK: Output: default@t1
PREHOOK: query: load data local inpath '../../data/files/cbo_t2.txt' into table t2
PREHOOK: type: LOAD
#### A masked pattern was here ####
PREHOOK: Output: default@t2
POSTHOOK: query: load data local inpath '../../data/files/cbo_t2.txt' into table t2
POSTHOOK: type: LOAD
#### A masked pattern was here ####
POSTHOOK: Output: default@t2
PREHOOK: query: load data local inpath '../../data/files/cbo_t3.txt' into table t3
PREHOOK: type: LOAD
#### A masked pattern was here ####
PREHOOK: Output: default@t3
POSTHOOK: query: load data local inpath '../../data/files/cbo_t3.txt' into table t3
POSTHOOK: type: LOAD
#### A masked pattern was here ####
POSTHOOK: Output: default@t3
PREHOOK: query: analyze table t1 compute statistics
PREHOOK: type: QUERY
PREHOOK: Input: default@t1
PREHOOK: Output: default@t1
POSTHOOK: query: analyze table t1 compute statistics
POSTHOOK: type: QUERY
POSTHOOK: Input: default@t1
POSTHOOK: Output: default@t1
PREHOOK: query: analyze table t1 compute statistics for columns key, value, c_int, c_float, c_boolean
PREHOOK: type: QUERY
PREHOOK: Input: default@t1
#### A masked pattern was here ####
POSTHOOK: query: analyze table t1 compute statistics for columns key, value, c_int, c_float, c_boolean
POSTHOOK: type: QUERY
POSTHOOK: Input: default@t1
#### A masked pattern was here ####
PREHOOK: query: analyze table t2 compute statistics
PREHOOK: type: QUERY
PREHOOK: Input: default@t2
PREHOOK: Output: default@t2
POSTHOOK: query: analyze table t2 compute statistics
POSTHOOK: type: QUERY
POSTHOOK: Input: default@t2
POSTHOOK: Output: default@t2
PREHOOK: query: analyze table t2 compute statistics for columns key, value, c_int, c_float, c_boolean
PREHOOK: type: QUERY
PREHOOK: Input: default@t2
#### A masked pattern was here ####
POSTHOOK: query: analyze table t2 compute statistics for columns key, value, c_int, c_float, c_boolean
POSTHOOK: type: QUERY
POSTHOOK: Input: default@t2
#### A masked pattern was here ####
PREHOOK: query: analyze table t3 compute statistics
PREHOOK: type: QUERY
PREHOOK: Input: default@t3
PREHOOK: Output: default@t3
POSTHOOK: query: analyze table t3 compute statistics
POSTHOOK: type: QUERY
POSTHOOK: Input: default@t3
POSTHOOK: Output: default@t3
PREHOOK: query: analyze table t3 compute statistics for columns key, value, c_int, c_float, c_boolean
PREHOOK: type: QUERY
PREHOOK: Input: default@t3
#### A masked pattern was here ####
POSTHOOK: query: analyze table t3 compute statistics for columns key, value, c_int, c_float, c_boolean
POSTHOOK: type: QUERY
POSTHOOK: Input: default@t3
#### A masked pattern was here ####
PREHOOK: query: -- Test Basic Inner Joins
select t1.key, t2.value from t1 join t2 on t1.key=t2.key join t3 on t1.key=t3.key order by t1.key, t2.value
PREHOOK: type: QUERY
PREHOOK: Input: default@t1
PREHOOK: Input: default@t2
PREHOOK: Input: default@t3
#### A masked pattern was here ####
POSTHOOK: query: -- Test Basic Inner Joins
select t1.key, t2.value from t1 join t2 on t1.key=t2.key join t3 on t1.key=t3.key order by t1.key, t2.value
POSTHOOK: type: QUERY
POSTHOOK: Input: default@t1
POSTHOOK: Input: default@t2
POSTHOOK: Input: default@t3
#### A masked pattern was here ####
 1	 1
 1	 1
 1	 1
 1	 1
 1	 1
 1	 1
 1	 1
 1	 1
 1 	 1 
 1 	 1 
 1 	 1 
 1 	 1 
 1 	 1 
 1 	 1 
 1 	 1 
 1 	 1 
1	1
1	1
1	1
1	1
1	1
1	1
1	1
1	1
1	1
1	1
1	1
1	1
1	1
1	1
1	1
1	1
1	1
1	1
1	1
1	1
1	1
1	1
1	1
1	1
1	1
1	1
1	1
1	1
1	1
1	1
1	1
1	1
1	1
1	1
1	1
1	1
1	1
1	1
1	1
1	1
1	1
1	1
1	1
1	1
1	1
1	1
1	1
1	1
1	1
1	1
1	1
1	1
1	1
1	1
1	1
1	1
1	1
1	1
1	1
1	1
1	1
1	1
1	1
1	1
1	1
1	1
1	1
1	1
1	1
1	1
1	1
1	1
1	1
1	1
1	1
1	1
1	1
1	1
1	1
1	1
1	1
1	1
1	1
1	1
1	1
1	1
1	1
1	1
1	1
1	1
1	1
1	1
1	1
1	1
1	1
1	1
1	1
1	1
1	1
1	1
1	1
1	1
1	1
1	1
1	1
1	1
1	1
1	1
1	1
1	1
1	1
1	1
1	1
1	1
1	1
1	1
1	1
1	1
1	1
1	1
1	1
1	1
1	1
1	1
1	1
1	1
1	1
1	1
1	1
1	1
1	1
1	1
1	1
1	1
1	1
1	1
1	1
1	1
1	1
1	1
1	1
1	1
1	1
1	1
1	1
1	1
1	1
1	1
1	1
1	1
1	1
1	1
1	1
1	1
1	1
1	1
1	1
1	1
1	1
1	1
1	1
1	1
1	1
1	1
1	1
1	1
1	1
1	1
1	1
1	1
1	1
1	1
1	1
1	1
1	1
1	1
1	1
1	1
1	1
1	1
1	1
1	1
1	1
1	1
1	1
1	1
1	1
1	1
1	1
1	1
1	1
1	1
1	1
1	1
1	1
1	1
1	1
1	1
1	1
1	1
1	1
1	1
1	1
1	1
1	1
1	1
1	1
1	1
1	1
1	1
1	1
1	1
1	1
1	1
1	1
1	1
1	1
1	1
1	1
1	1
1	1
1	1
1	1
1	1
1	1
1	1
1	1
1	1
1	1
1	1
1	1
1	1
1	1
1	1
1	1
1	1
1	1
1	1
1	1
1	1
1	1
1	1
1	1
1	1
1	1
1	1
1	1
1	1
1	1
1	1
1	1
1	1
1	1
1	1
1	1
1	1
1	1
1	1
1	1
1	1
1	1
1	1
1	1
1	1
1	1
1	1
1	1
1	1
1	1
1	1
1	1
1	1
1	1
1	1
1	1
1	1
1	1
1	1
1	1
1	1
1	1
1	1
1	1
1	1
1	1
1	1
1	1
1	1
1	1
1	1
1	1
1	1
1	1
1	1
1	1
1	1
1	1
1	1
1	1
1	1
1	1
1	1
1	1
1	1
1	1
1	1
1	1
1	1
1	1
1	1
1	1
1	1
1	1
1	1
1	1
1	1
1	1
1	1
1	1
1	1
1	1
1	1
1	1
1	1
1	1
1	1
1	1
1	1
1	1
1	1
1	1
1	1
1	1
1	1
1	1
1	1
1	1
1	1
1	1
1	1
1	1
1	1
1	1
1	1
1	1
1	1
1	1
1	1
1	1
1	1
1	1
1	1
1	1
1	1
1	1
1	1
1	1
1	1
1	1
1	1
1	1
1	1
1	1
1	1
1	1
1	1
1	1
1	1
1	1
1	1
1	1
1	1
1	1
1	1
1	1
1	1
1	1
1	1
1	1
1	1
1	1
1	1
1	1
1	1
1	1
1	1
1	1
1	1
1	1
1	1
1	1
1	1
1	1
1	1
1	1
1	1
1	1
1	1
1	1
1	1
1	1
1	1
1	1
1	1
1	1
1	1
1	1
1	1
1	1
1	1
1	1
1	1
1	1
1	1
1	1
1	1
1	1
1	1
1	1
1	1
1	1
1	1
1	1
1	1
1	1
1	1
1	1
1	1
1	1
1	1
1	1
1	1
1	1
1	1
1	1
1	1
1	1
1	1
1	1
1	1
1	1
1	1
1	1
1	1
1	1
1	1
1	1
1	1
1	1
1	1
1	1
1	1
1	1
1	1
1	1
1	1
1	1
1	1
1	1
1	1
1	1
1	1
1	1
1	1
1	1
1	1
1	1
1	1
1	1
1	1
1	1
1	1
1	1
1	1
1	1
1	1
1	1
1	1
1	1
1	1
1	1
1	1
1	1
1	1
1	1
1	1
1	1
1	1
1	1
1	1
1	1
1	1
1	1
1	1
1	1
1	1
1	1
1	1
1	1
1	1
1	1
1	1
1	1
1	1
1 	1 
1 	1 
1 	1 
1 	1 
1 	1 
1 	1 
1 	1 
1 	1 
null	null
null	null
null	null
null	null
null	null
null	null
null	null
null	null
PREHOOK: query: select t1.key, t2.value, t3.key from t1 join t2 on t1.key=t2.key and t1.c_int=t2.c_int and t1.c_float = t2.c_float join t3 on t1.key=t3.key where ((t1.key > 0 or t2.key > 0) or ((t1.c_float + t3.c_float) > 1)) and (t1.key > 0 or t2.key > 0) and (t1.c_float + t2.c_float > 1) order by t1.key, t2.value
PREHOOK: type: QUERY
PREHOOK: Input: default@t1
PREHOOK: Input: default@t2
PREHOOK: Input: default@t3
#### A masked pattern was here ####
POSTHOOK: query: select t1.key, t2.value, t3.key from t1 join t2 on t1.key=t2.key and t1.c_int=t2.c_int and t1.c_float = t2.c_float join t3 on t1.key=t3.key where ((t1.key > 0 or t2.key > 0) or ((t1.c_float + t3.c_float) > 1)) and (t1.key > 0 or t2.key > 0) and (t1.c_float + t2.c_float > 1) order by t1.key, t2.value
POSTHOOK: type: QUERY
POSTHOOK: Input: default@t1
POSTHOOK: Input: default@t2
POSTHOOK: Input: default@t3
#### A masked pattern was here ####
 1	 1	 1
 1	 1	 1
 1	 1	 1
 1	 1	 1
 1	 1	 1
 1	 1	 1
 1	 1	 1
 1	 1	 1
 1 	 1 	 1 
 1 	 1 	 1 
 1 	 1 	 1 
 1 	 1 	 1 
 1 	 1 	 1 
 1 	 1 	 1 
 1 	 1 	 1 
 1 	 1 	 1 
1	1	1
1	1	1
1	1	1
1	1	1
1	1	1
1	1	1
1	1	1
1	1	1
1	1	1
1	1	1
1	1	1
1	1	1
1	1	1
1	1	1
1	1	1
1	1	1
1	1	1
1	1	1
1	1	1
1	1	1
1	1	1
1	1	1
1	1	1
1	1	1
1	1	1
1	1	1
1	1	1
1	1	1
1	1	1
1	1	1
1	1	1
1	1	1
1	1	1
1	1	1
1	1	1
1	1	1
1	1	1
1	1	1
1	1	1
1	1	1
1	1	1
1	1	1
1	1	1
1	1	1
1	1	1
1	1	1
1	1	1
1	1	1
1	1	1
1	1	1
1	1	1
1	1	1
1	1	1
1	1	1
1	1	1
1	1	1
1	1	1
1	1	1
1	1	1
1	1	1
1	1	1
1	1	1
1	1	1
1	1	1
1	1	1
1	1	1
1	1	1
1	1	1
1	1	1
1	1	1
1	1	1
1	1	1
1	1	1
1	1	1
1	1	1
1	1	1
1	1	1
1	1	1
1	1	1
1	1	1
1	1	1
1	1	1
1	1	1
1	1	1
1	1	1
1	1	1
1	1	1
1	1	1
1	1	1
1	1	1
1	1	1
1	1	1
1	1	1
1	1	1
1	1	1
1	1	1
1	1	1
1	1	1
1	1	1
1	1	1
1	1	1
1	1	1
1	1	1
1	1	1
1	1	1
1	1	1
1	1	1
1	1	1
1	1	1
1	1	1
1	1	1
1	1	1
1	1	1
1	1	1
1	1	1
1	1	1
1	1	1
1	1	1
1	1	1
1	1	1
1	1	1
1	1	1
1	1	1
1	1	1
1	1	1
1	1	1
1	1	1
1	1	1
1	1	1
1	1	1
1	1	1
1	1	1
1	1	1
1	1	1
1	1	1
1	1	1
1	1	1
1	1	1
1	1	1
1	1	1
1	1	1
1	1	1
1	1	1
1	1	1
1	1	1
1	1	1
1	1	1
1	1	1
1	1	1
1	1	1
1	1	1
1	1	1
1	1	1
1	1	1
1	1	1
1	1	1
1	1	1
1	1	1
1	1	1
1	1	1
1	1	1
1	1	1
1	1	1
1	1	1
1	1	1
1	1	1
1	1	1
1	1	1
1	1	1
1	1	1
1	1	1
1	1	1
1	1	1
1	1	1
1	1	1
1	1	1
1	1	1
1	1	1
1	1	1
1	1	1
1	1	1
1	1	1
1	1	1
1	1	1
1	1	1
1	1	1
1	1	1
1	1	1
1	1	1
1	1	1
1	1	1
1	1	1
1	1	1
1	1	1
1	1	1
1	1	1
1	1	1
1	1	1
1	1	1
1	1	1
1	1	1
1	1	1
1	1	1
1	1	1
1	1	1
1	1	1
1	1	1
1	1	1
1	1	1
1	1	1
1	1	1
1	1	1
1	1	1
1	1	1
1	1	1
1	1	1
1	1	1
1	1	1
1	1	1
1	1	1
1	1	1
1	1	1
1	1	1
1	1	1
1	1	1
1	1	1
1	1	1
1	1	1
1	1	1
1	1	1
1	1	1
1	1	1
1	1	1
1	1	1
1	1	1
1	1	1
1	1	1
1	1	1
1	1	1
1	1	1
1	1	1
1	1	1
1	1	1
1	1	1
1	1	1
1	1	1
1	1	1
1	1	1
1	1	1
1	1	1
1	1	1
1	1	1
1	1	1
1	1	1
1	1	1
1	1	1
1	1	1
1	1	1
1	1	1
1	1	1
1	1	1
1	1	1
1	1	1
1	1	1
1	1	1
1	1	1
1	1	1
1	1	1
1	1	1
1	1	1
1	1	1
1	1	1
1	1	1
1	1	1
1	1	1
1	1	1
1	1	1
1	1	1
1	1	1
1	1	1
1	1	1
1	1	1
1	1	1
1	1	1
1	1	1
1	1	1
1	1	1
1	1	1
1	1	1
1	1	1
1	1	1
1	1	1
1	1	1
1	1	1
1	1	1
1	1	1
1	1	1
1	1	1
1	1	1
1	1	1
1	1	1
1	1	1
1	1	1
1	1	1
1	1	1
1	1	1
1	1	1
1	1	1
1	1	1
1	1	1
1	1	1
1	1	1
1	1	1
1	1	1
1	1	1
1	1	1
1	1	1
1	1	1
1	1	1
1	1	1
1	1	1
1	1	1
1	1	1
1	1	1
1	1	1
1	1	1
1	1	1
1	1	1
1	1	1
1	1	1
1	1	1
1	1	1
1	1	1
1	1	1
1	1	1
1	1	1
1	1	1
1	1	1
1	1	1
1	1	1
1	1	1
1	1	1
1	1	1
1	1	1
1	1	1
1	1	1
1	1	1
1	1	1
1	1	1
1	1	1
1	1	1
1	1	1
1	1	1
1	1	1
1	1	1
1	1	1
1	1	1
1	1	1
1	1	1
1	1	1
1	1	1
1	1	1
1	1	1
1	1	1
1	1	1
1	1	1
1	1	1
1	1	1
1	1	1
1	1	1
1	1	1
1	1	1
1	1	1
1	1	1
1	1	1
1	1	1
1	1	1
1	1	1
1	1	1
1	1	1
1	1	1
1	1	1
1	1	1
1	1	1
1	1	1
1	1	1
1	1	1
1	1	1
1	1	1
1	1	1
1	1	1
1	1	1
1	1	1
1	1	1
1	1	1
1	1	1
1	1	1
1	1	1
1	1	1
1	1	1
1	1	1
1	1	1
1	1	1
1	1	1
1	1	1
1	1	1
1	1	1
1	1	1
1	1	1
1	1	1
1	1	1
1	1	1
1	1	1
1	1	1
1	1	1
1	1	1
1	1	1
1	1	1
1	1	1
1	1	1
1	1	1
1	1	1
1	1	1
1	1	1
1	1	1
1	1	1
1	1	1
1	1	1
1	1	1
1	1	1
1	1	1
1	1	1
1	1	1
1	1	1
1	1	1
1	1	1
1	1	1
1	1	1
1	1	1
1	1	1
1	1	1
1	1	1
1	1	1
1	1	1
1	1	1
1	1	1
1	1	1
1	1	1
1	1	1
1	1	1
1	1	1
1	1	1
1	1	1
1	1	1
1	1	1
1	1	1
1	1	1
1	1	1
1	1	1
1	1	1
1	1	1
1	1	1
1	1	1
1	1	1
1	1	1
1	1	1
1	1	1
1	1	1
1	1	1
1	1	1
1	1	1
1	1	1
1	1	1
1	1	1
1	1	1
1	1	1
1	1	1
1	1	1
1	1	1
1	1	1
1	1	1
1	1	1
1	1	1
1	1	1
1	1	1
1	1	1
1	1	1
1	1	1
1	1	1
1	1	1
1	1	1
1	1	1
1	1	1
1	1	1
1	1	1
1	1	1
1	1	1
1	1	1
1	1	1
1	1	1
1	1	1
1	1	1
1	1	1
1	1	1
1 	1 	1 
1 	1 	1 
1 	1 	1 
1 	1 	1 
1 	1 	1 
1 	1 	1 
1 	1 	1 
1 	1 	1 
PREHOOK: query: -- Test Inner Joins with Subqueries
select t1.key, t2.value from (select key, value, c_float, c_int from t1 )t1 join (select key, value, c_float, c_int from t2 )t2 on t1.key=t2.key and t1.c_int=t2.c_int and t1.c_float = t2.c_float join (select key, value, c_float, c_int from t3 )t3 on t1.key=t3.key and t1.c_int=t3.c_int and t1.c_float=t3.c_float where ((t1.key > 0 or t2.key > 0) and (t1.c_float + t2.c_float > 1) and t3.c_float > 0.0) or (t1.key > 0 or t2.key > 0) or (t1.c_float + t3.c_float > 1) order by t1.key, t2.value
PREHOOK: type: QUERY
PREHOOK: Input: default@t1
PREHOOK: Input: default@t2
PREHOOK: Input: default@t3
#### A masked pattern was here ####
POSTHOOK: query: -- Test Inner Joins with Subqueries
select t1.key, t2.value from (select key, value, c_float, c_int from t1 )t1 join (select key, value, c_float, c_int from t2 )t2 on t1.key=t2.key and t1.c_int=t2.c_int and t1.c_float = t2.c_float join (select key, value, c_float, c_int from t3 )t3 on t1.key=t3.key and t1.c_int=t3.c_int and t1.c_float=t3.c_float where ((t1.key > 0 or t2.key > 0) and (t1.c_float + t2.c_float > 1) and t3.c_float > 0.0) or (t1.key > 0 or t2.key > 0) or (t1.c_float + t3.c_float > 1) order by t1.key, t2.value
POSTHOOK: type: QUERY
POSTHOOK: Input: default@t1
POSTHOOK: Input: default@t2
POSTHOOK: Input: default@t3
#### A masked pattern was here ####
 1	 1
 1	 1
 1	 1
 1	 1
 1	 1
 1	 1
 1	 1
 1	 1
 1 	 1 
 1 	 1 
 1 	 1 
 1 	 1 
 1 	 1 
 1 	 1 
 1 	 1 
 1 	 1 
1	1
1	1
1	1
1	1
1	1
1	1
1	1
1	1
1	1
1	1
1	1
1	1
1	1
1	1
1	1
1	1
1	1
1	1
1	1
1	1
1	1
1	1
1	1
1	1
1	1
1	1
1	1
1	1
1	1
1	1
1	1
1	1
1	1
1	1
1	1
1	1
1	1
1	1
1	1
1	1
1	1
1	1
1	1
1	1
1	1
1	1
1	1
1	1
1	1
1	1
1	1
1	1
1	1
1	1
1	1
1	1
1	1
1	1
1	1
1	1
1	1
1	1
1	1
1	1
1	1
1	1
1	1
1	1
1	1
1	1
1	1
1	1
1	1
1	1
1	1
1	1
1	1
1	1
1	1
1	1
1	1
1	1
1	1
1	1
1	1
1	1
1	1
1	1
1	1
1	1
1	1
1	1
1	1
1	1
1	1
1	1
1	1
1	1
1	1
1	1
1	1
1	1
1	1
1	1
1	1
1	1
1	1
1	1
1	1
1	1
1	1
1	1
1	1
1	1
1	1
1	1
1	1
1	1
1	1
1	1
1	1
1	1
1	1
1	1
1	1
1	1
1	1
1	1
1	1
1	1
1	1
1	1
1	1
1	1
1	1
1	1
1	1
1	1
1	1
1	1
1	1
1	1
1	1
1	1
1	1
1	1
1	1
1	1
1	1
1	1
1	1
1	1
1	1
1	1
1	1
1	1
1	1
1	1
1	1
1	1
1	1
1	1
1	1
1	1
1	1
1	1
1	1
1	1
1	1
1	1
1	1
1	1
1	1
1	1
1	1
1	1
1	1
1	1
1	1
1	1
1	1
1	1
1	1
1	1
1	1
1	1
1	1
1	1
1	1
1	1
1	1
1	1
1	1
1	1
1	1
1	1
1	1
1	1
1	1
1	1
1	1
1	1
1	1
1	1
1	1
1	1
1	1
1	1
1	1
1	1
1	1
1	1
1	1
1	1
1	1
1	1
1	1
1	1
1	1
1	1
1	1
1	1
1	1
1	1
1	1
1	1
1	1
1	1
1	1
1	1
1	1
1	1
1	1
1	1
1	1
1	1
1	1
1	1
1	1
1	1
1	1
1	1
1	1
1	1
1	1
1	1
1	1
1	1
1	1
1	1
1	1
1	1
1	1
1	1
1	1
1	1
1	1
1	1
1	1
1	1
1	1
1	1
1	1
1	1
1	1
1	1
1	1
1	1
1	1
1	1
1	1
1	1
1	1
1	1
1	1
1	1
1	1
1	1
1	1
1	1
1	1
1	1
1	1
1	1
1	1
1	1
1	1
1	1
1	1
1	1
1	1
1	1
1	1
1	1
1	1
1	1
1	1
1	1
1	1
1	1
1	1
1	1
1	1
1	1
1	1
1	1
1	1
1	1
1	1
1	1
1	1
1	1
1	1
1	1
1	1
1	1
1	1
1	1
1	1
1	1
1	1
1	1
1	1
1	1
1	1
1	1
1	1
1	1
1	1
1	1
1	1
1	1
1	1
1	1
1	1
1	1
1	1
1	1
1	1
1	1
1	1
1	1
1	1
1	1
1	1
1	1
1	1
1	1
1	1
1	1
1	1
1	1
1	1
1	1
1	1
1	1
1	1
1	1
1	1
1	1
1	1
1	1
1	1
1	1
1	1
1	1
1	1
1	1
1	1
1	1
1	1
1	1
1	1
1	1
1	1
1	1
1	1
1	1
1	1
1	1
1	1
1	1
1	1
1	1
1	1
1	1
1	1
1	1
1	1
1	1
1	1
1	1
1	1
1	1
1	1
1	1
1	1
1	1
1	1
1	1
1	1
1	1
1	1
1	1
1	1
1	1
1	1
1	1
1	1
1	1
1	1
1	1
1	1
1	1
1	1
1	1
1	1
1	1
1	1
1	1
1	1
1	1
1	1
1	1
1	1
1	1
1	1
1	1
1	1
1	1
1	1
1	1
1	1
1	1
1	1
1	1
1	1
1	1
1	1
1	1
1	1
1	1
1	1
1	1
1	1
1	1
1	1
1	1
1	1
1	1
1	1
1	1
1	1
1	1
1	1
1	1
1	1
1	1
1	1
1	1
1	1
1	1
1	1
1	1
1	1
1	1
1	1
1	1
1	1
1	1
1	1
1	1
1	1
1	1
1	1
1	1
1	1
1	1
1	1
1	1
1	1
1	1
1	1
1	1
1	1
1	1
1	1
1	1
1	1
1	1
1	1
1	1
1	1
1	1
1	1
1	1
1	1
1	1
1	1
1	1
1	1
1	1
1	1
1	1
1 	1 
1 	1 
1 	1 
1 	1 
1 	1 
1 	1 
1 	1 
1 	1 
PREHOOK: query: -- Test  Inner Joins with Subqueries using predicates, GB
select t1.key, t2.value, t3.key from (select key, value, c_float, c_int from t1 where t1.c_float*10 > c_int group by key, value, c_float, c_int having  c_int >= 1 )t1 join (select key, value, c_float, c_int from t2 where t2.c_float*10 > c_int group by key, value, c_float, c_int having c_int >= 1 )t2 on t1.key=t2.key  and t1.c_int=t2.c_int and t1.c_float = t2.c_float join (select key, value, c_float, c_int from t3 where t3.c_float*10 > c_int group by key, value, c_float, c_int having (c_int >= 1) )t3 on t1.key=t3.key  and t1.c_int=t3.c_int and t1.c_float=t3.c_float where (t1.key > 0 or t2.key > 0) or (t1.c_float + t2.c_float > 1) order by t1.key, t2.value, t3.key
PREHOOK: type: QUERY
PREHOOK: Input: default@t1
PREHOOK: Input: default@t2
PREHOOK: Input: default@t3
#### A masked pattern was here ####
POSTHOOK: query: -- Test  Inner Joins with Subqueries using predicates, GB
select t1.key, t2.value, t3.key from (select key, value, c_float, c_int from t1 where t1.c_float*10 > c_int group by key, value, c_float, c_int having  c_int >= 1 )t1 join (select key, value, c_float, c_int from t2 where t2.c_float*10 > c_int group by key, value, c_float, c_int having c_int >= 1 )t2 on t1.key=t2.key  and t1.c_int=t2.c_int and t1.c_float = t2.c_float join (select key, value, c_float, c_int from t3 where t3.c_float*10 > c_int group by key, value, c_float, c_int having (c_int >= 1) )t3 on t1.key=t3.key  and t1.c_int=t3.c_int and t1.c_float=t3.c_float where (t1.key > 0 or t2.key > 0) or (t1.c_float + t2.c_float > 1) order by t1.key, t2.value, t3.key
POSTHOOK: type: QUERY
POSTHOOK: Input: default@t1
POSTHOOK: Input: default@t2
POSTHOOK: Input: default@t3
#### A masked pattern was here ####
 1	 1	 1
 1 	 1 	 1 
1	1	1
1 	1 	1 
PREHOOK: query: -- Test  Inner Joins with Subqueries + outer queries using predicates, GB, OB, Limit
select t1.key, t2.value from (select key, value, c_float from t1 where t1.c_float*10 > c_int )t1 join (select key, value, c_float, c_int from t2 where t2.c_float*10 > c_int)t2 on t1.key=t2.key  join (select key, value, c_float from t3 where t3.c_float*10 > c_int  )t3 on t1.key=t3.key  where (t1.key > 0 or t2.key > 0) or (t1.c_float + t2.c_float > 1) group by t1.key, t2.value, t2.c_float, t2.c_int  having t2.c_int >= 1 order by t1.key, t2.value limit 10
PREHOOK: type: QUERY
PREHOOK: Input: default@t1
PREHOOK: Input: default@t2
PREHOOK: Input: default@t3
#### A masked pattern was here ####
POSTHOOK: query: -- Test  Inner Joins with Subqueries + outer queries using predicates, GB, OB, Limit
select t1.key, t2.value from (select key, value, c_float from t1 where t1.c_float*10 > c_int )t1 join (select key, value, c_float, c_int from t2 where t2.c_float*10 > c_int)t2 on t1.key=t2.key  join (select key, value, c_float from t3 where t3.c_float*10 > c_int  )t3 on t1.key=t3.key  where (t1.key > 0 or t2.key > 0) or (t1.c_float + t2.c_float > 1) group by t1.key, t2.value, t2.c_float, t2.c_int  having t2.c_int >= 1 order by t1.key, t2.value limit 10
POSTHOOK: type: QUERY
POSTHOOK: Input: default@t1
POSTHOOK: Input: default@t2
POSTHOOK: Input: default@t3
#### A masked pattern was here ####
 1	 1
 1 	 1 
1	1
1 	1 
PREHOOK: query: -- Test  Inner Joins with Subqueries using predicates, GB + outer queries using predicates, GB, OB, LIMIT
select t1.key, t2.value from (select key, value, c_float, c_int from t1 where t1.c_float*10 > c_int group by key, value, c_float, c_int  having c_int >= 1 )t1 join (select key, value, c_float, c_int from t2 where t2.c_float*10 > c_int  group by key, value, c_float, c_int )t2 on t1.key=t2.key and t1.c_int=t2.c_int and t1.c_float=t2.c_float  join (select key, value, c_float from t3 where t3.c_float*10 > c_int  group by key, value, c_float )t3 on t1.key=t3.key group by t1.key, t2.value, t2.c_float, t3.key, t2.c_int  having t2.c_int >= 1 and t3.key >= 1 order by t1.key,t2.value limit 10
PREHOOK: type: QUERY
PREHOOK: Input: default@t1
PREHOOK: Input: default@t2
PREHOOK: Input: default@t3
#### A masked pattern was here ####
POSTHOOK: query: -- Test  Inner Joins with Subqueries using predicates, GB + outer queries using predicates, GB, OB, LIMIT
select t1.key, t2.value from (select key, value, c_float, c_int from t1 where t1.c_float*10 > c_int group by key, value, c_float, c_int  having c_int >= 1 )t1 join (select key, value, c_float, c_int from t2 where t2.c_float*10 > c_int  group by key, value, c_float, c_int )t2 on t1.key=t2.key and t1.c_int=t2.c_int and t1.c_float=t2.c_float  join (select key, value, c_float from t3 where t3.c_float*10 > c_int  group by key, value, c_float )t3 on t1.key=t3.key group by t1.key, t2.value, t2.c_float, t3.key, t2.c_int  having t2.c_int >= 1 and t3.key >= 1 order by t1.key,t2.value limit 10
POSTHOOK: type: QUERY
POSTHOOK: Input: default@t1
POSTHOOK: Input: default@t2
POSTHOOK: Input: default@t3
#### A masked pattern was here ####
 1	 1
 1 	 1 
1	1
1 	1 
