PREHOOK: query: -- Describe a list structure in a thrift table
describe src_thrift.lint
PREHOOK: type: DESCTABLE
POSTHOOK: query: -- Describe a list structure in a thrift table
describe src_thrift.lint
POSTHOOK: type: DESCTABLE
lint                	array<int>          	                    
PREHOOK: query: -- Describe the element of a list
describe src_thrift.lint.$elem$
PREHOOK: type: DESCTABLE
POSTHOOK: query: -- Describe the element of a list
describe src_thrift.lint.$elem$
POSTHOOK: type: DESCTABLE
$elem$              	int                 	                    
PREHOOK: query: -- Describe the key of a map
describe src_thrift.mStringString.$key$
PREHOOK: type: DESCTABLE
POSTHOOK: query: -- Describe the key of a map
describe src_thrift.mStringString.$key$
POSTHOOK: type: DESCTABLE
$key$               	string              	                    
PREHOOK: query: -- Describe the value of a map
describe src_thrift.mStringString.$value$
PREHOOK: type: DESCTABLE
POSTHOOK: query: -- Describe the value of a map
describe src_thrift.mStringString.$value$
POSTHOOK: type: DESCTABLE
$value$             	string              	                    
PREHOOK: query: -- Describe a complex element of a list
describe src_thrift.lintString.$elem$
PREHOOK: type: DESCTABLE
POSTHOOK: query: -- Describe a complex element of a list
describe src_thrift.lintString.$elem$
POSTHOOK: type: DESCTABLE
myint               	int                 	                    
mystring            	string              	                    
underscore_int      	int                 	                    
PREHOOK: query: -- Describe a member of an element of a list
describe src_thrift.lintString.$elem$.myint
PREHOOK: type: DESCTABLE
POSTHOOK: query: -- Describe a member of an element of a list
describe src_thrift.lintString.$elem$.myint
POSTHOOK: type: DESCTABLE
myint               	int                 	                    
