PREHOOK: query: CREATE TABLE INPUTDDL8 COMMENT 'This is a thrift based table'
    PARTITIONED BY(ds STRING, country STRING)
    CLUSTERED BY(aint) SORTED BY(lint) INTO 32 BUCKETS
    ROW FORMAT SERDE 'org.apache.hadoop.hive.serde2.thrift.ThriftDeserializer'
    WITH SERDEPROPERTIES ('serialization.class' = 'org.apache.hadoop.hive.serde2.thrift.test.Complex',
                          'serialization.format' = 'com.facebook.thrift.protocol.TBinaryProtocol')
    STORED AS SEQUENCEFILE
PREHOOK: type: CREATETABLE
POSTHOOK: query: CREATE TABLE INPUTDDL8 COMMENT 'This is a thrift based table'
    PARTITIONED BY(ds STRING, country STRING)
    CLUSTERED BY(aint) SORTED BY(lint) INTO 32 BUCKETS
    ROW FORMAT SERDE 'org.apache.hadoop.hive.serde2.thrift.ThriftDeserializer'
    WITH SERDEPROPERTIES ('serialization.class' = 'org.apache.hadoop.hive.serde2.thrift.test.Complex',
                          'serialization.format' = 'com.facebook.thrift.protocol.TBinaryProtocol')
    STORED AS SEQUENCEFILE
POSTHOOK: type: CREATETABLE
POSTHOOK: Output: default@INPUTDDL8
PREHOOK: query: DESCRIBE EXTENDED INPUTDDL8
PREHOOK: type: DESCTABLE
POSTHOOK: query: DESCRIBE EXTENDED INPUTDDL8
POSTHOOK: type: DESCTABLE
aint                	int                 	                    
astring             	string              	                    
lint                	array<int>          	                    
lstring             	array<string>       	                    
lintstring          	array<struct<myint:int,mystring:string,underscore_int:int>>	                    
mstringstring       	map<string,string>  	                    
ds                  	string              	                    
country             	string              	                    
	 	 
# Partition Information	 	 
# col_name            	data_type           	comment             
	 	 
ds                  	string              	                    
country             	string              	                    
	 	 
#### A masked pattern was here ####
