PREHOOK: query: DROP TABLE IF EXISTS T1
PREHOOK: type: DROPTABLE
POSTHOOK: query: DROP TABLE IF EXISTS T1
POSTHOOK: type: DROPTABLE
PREHOOK: query: -- table location has scheme
CREATE EXTERNAL TABLE T1 (key STRING, val STRING)
STORED AS TEXTFILE
#### A masked pattern was here ####
PREHOOK: type: CREATETABLE
#### A masked pattern was here ####
PREHOOK: Output: database:default
PREHOOK: Output: default@T1
POSTHOOK: query: -- table location has scheme
CREATE EXTERNAL TABLE T1 (key STRING, val STRING)
STORED AS TEXTFILE
#### A masked pattern was here ####
POSTHOOK: type: CREATETABLE
#### A masked pattern was here ####
POSTHOOK: Output: database:default
POSTHOOK: Output: default@T1
PREHOOK: query: SELECT * FROM T1
PREHOOK: type: QUERY
PREHOOK: Input: default@t1
#### A masked pattern was here ####
POSTHOOK: query: SELECT * FROM T1
POSTHOOK: type: QUERY
POSTHOOK: Input: default@t1
#### A masked pattern was here ####
PREHOOK: query: DROP TABLE IF EXISTS T2
PREHOOK: type: DROPTABLE
POSTHOOK: query: DROP TABLE IF EXISTS T2
POSTHOOK: type: DROPTABLE
PREHOOK: query: -- table location doesn't have scheme
CREATE TABLE T2 (key STRING, val STRING)
STORED AS TEXTFILE
#### A masked pattern was here ####
PREHOOK: type: CREATETABLE
PREHOOK: Input: tmp/t2
PREHOOK: Output: database:default
PREHOOK: Output: default@T2
POSTHOOK: query: -- table location doesn't have scheme
CREATE TABLE T2 (key STRING, val STRING)
STORED AS TEXTFILE
#### A masked pattern was here ####
POSTHOOK: type: CREATETABLE
POSTHOOK: Input: tmp/t2
POSTHOOK: Output: database:default
POSTHOOK: Output: default@T2
PREHOOK: query: SELECT * FROM T2
PREHOOK: type: QUERY
PREHOOK: Input: default@t2
#### A masked pattern was here ####
POSTHOOK: query: SELECT * FROM T2
POSTHOOK: type: QUERY
POSTHOOK: Input: default@t2
#### A masked pattern was here ####
PREHOOK: query: DROP TABLE T1
PREHOOK: type: DROPTABLE
PREHOOK: Input: default@t1
PREHOOK: Output: default@t1
POSTHOOK: query: DROP TABLE T1
POSTHOOK: type: DROPTABLE
POSTHOOK: Input: default@t1
POSTHOOK: Output: default@t1
PREHOOK: query: DROP TABLE T2
PREHOOK: type: DROPTABLE
PREHOOK: Input: default@t2
PREHOOK: Output: default@t2
POSTHOOK: query: DROP TABLE T2
POSTHOOK: type: DROPTABLE
POSTHOOK: Input: default@t2
POSTHOOK: Output: default@t2
