PREHOOK: query: -- This is to test the union->selectstar->filesink optimization
-- Union of 2 map-reduce subqueries is performed followed by select star and a file sink
-- There is no need to write the temporary results of the sub-queries, and then read them 
-- again to process the union. The union can be removed completely.
-- It does not matter, whether the output is merged or not. In this case, merging is turned
-- off
-- This test demonstrates that the optimization works with dynamic partitions irrespective of the
-- file format of the output file
-- INCLUDE_HADOOP_MAJOR_VERSIONS(0.23)
-- Since this test creates sub-directories for the output table outputTbl1, it might be easier
-- to run the test only on hadoop 23

create table inputTbl1(key string, ds string) stored as textfile
PREHOOK: type: CREATETABLE
PREHOOK: Output: database:default
POSTHOOK: query: -- This is to test the union->selectstar->filesink optimization
-- Union of 2 map-reduce subqueries is performed followed by select star and a file sink
-- There is no need to write the temporary results of the sub-queries, and then read them 
-- again to process the union. The union can be removed completely.
-- It does not matter, whether the output is merged or not. In this case, merging is turned
-- off
-- This test demonstrates that the optimization works with dynamic partitions irrespective of the
-- file format of the output file
-- INCLUDE_HADOOP_MAJOR_VERSIONS(0.23)
-- Since this test creates sub-directories for the output table outputTbl1, it might be easier
-- to run the test only on hadoop 23

create table inputTbl1(key string, ds string) stored as textfile
POSTHOOK: type: CREATETABLE
POSTHOOK: Output: database:default
POSTHOOK: Output: default@inputTbl1
PREHOOK: query: create table outputTbl1(key string, values bigint) partitioned by (ds string) stored as textfile
PREHOOK: type: CREATETABLE
PREHOOK: Output: database:default
POSTHOOK: query: create table outputTbl1(key string, values bigint) partitioned by (ds string) stored as textfile
POSTHOOK: type: CREATETABLE
POSTHOOK: Output: database:default
POSTHOOK: Output: default@outputTbl1
PREHOOK: query: load data local inpath '../../data/files/T1.txt' into table inputTbl1
PREHOOK: type: LOAD
#### A masked pattern was here ####
PREHOOK: Output: default@inputtbl1
POSTHOOK: query: load data local inpath '../../data/files/T1.txt' into table inputTbl1
POSTHOOK: type: LOAD
#### A masked pattern was here ####
POSTHOOK: Output: default@inputtbl1
PREHOOK: query: explain
insert overwrite table outputTbl1 partition (ds)
SELECT *
FROM (
  SELECT key, count(1) as values, ds from inputTbl1 group by key, ds
  UNION ALL
  SELECT key, count(1) as values, ds from inputTbl1 group by key, ds
) a
PREHOOK: type: QUERY
POSTHOOK: query: explain
insert overwrite table outputTbl1 partition (ds)
SELECT *
FROM (
  SELECT key, count(1) as values, ds from inputTbl1 group by key, ds
  UNION ALL
  SELECT key, count(1) as values, ds from inputTbl1 group by key, ds
) a
POSTHOOK: type: QUERY
STAGE DEPENDENCIES:

STAGE PLANS:
PREHOOK: query: insert overwrite table outputTbl1 partition (ds)
SELECT *
FROM (
  SELECT key, count(1) as values, ds from inputTbl1 group by key, ds
  UNION ALL
  SELECT key, count(1) as values, ds from inputTbl1 group by key, ds
) a
PREHOOK: type: QUERY
PREHOOK: Input: default@inputtbl1
PREHOOK: Output: default@outputtbl1
POSTHOOK: query: insert overwrite table outputTbl1 partition (ds)
SELECT *
FROM (
  SELECT key, count(1) as values, ds from inputTbl1 group by key, ds
  UNION ALL
  SELECT key, count(1) as values, ds from inputTbl1 group by key, ds
) a
POSTHOOK: type: QUERY
POSTHOOK: Input: default@inputtbl1
PREHOOK: query: desc formatted outputTbl1
PREHOOK: type: DESCTABLE
POSTHOOK: query: desc formatted outputTbl1
POSTHOOK: type: DESCTABLE
# col_name            	data_type           	comment             
	 	 
key                 	string              	                    
values              	bigint              	                    
	 	 
# Partition Information	 	 
# col_name            	data_type           	comment             
	 	 
ds                  	string              	                    
	 	 
# Detailed Table Information	 	 
Database:           	default             	 
#### A masked pattern was here ####
Protect Mode:       	None                	 
Retention:          	0                   	 
#### A masked pattern was here ####
Table Type:         	MANAGED_TABLE       	 
Table Parameters:	 	 
#### A masked pattern was here ####
	 	 
# Storage Information	 	 
SerDe Library:      	org.apache.hadoop.hive.serde2.lazy.LazySimpleSerDe	 
InputFormat:        	org.apache.hadoop.mapred.TextInputFormat	 
OutputFormat:       	org.apache.hadoop.hive.ql.io.HiveIgnoreKeyTextOutputFormat	 
Compressed:         	No                  	 
Num Buckets:        	-1                  	 
Bucket Columns:     	[]                  	 
Sort Columns:       	[]                  	 
Storage Desc Params:	 	 
	serialization.format	1                   
PREHOOK: query: show partitions outputTbl1
PREHOOK: type: SHOWPARTITIONS
POSTHOOK: query: show partitions outputTbl1
POSTHOOK: type: SHOWPARTITIONS
PREHOOK: query: select * from outputTbl1 where ds = '11' order by key, values
PREHOOK: type: QUERY
PREHOOK: Input: default@outputtbl1
#### A masked pattern was here ####
POSTHOOK: query: select * from outputTbl1 where ds = '11' order by key, values
POSTHOOK: type: QUERY
POSTHOOK: Input: default@outputtbl1
#### A masked pattern was here ####
PREHOOK: query: select * from outputTbl1 where ds = '18' order by key, values
PREHOOK: type: QUERY
PREHOOK: Input: default@outputtbl1
#### A masked pattern was here ####
POSTHOOK: query: select * from outputTbl1 where ds = '18' order by key, values
POSTHOOK: type: QUERY
POSTHOOK: Input: default@outputtbl1
#### A masked pattern was here ####
PREHOOK: query: select * from outputTbl1 where ds is not null order by key, values, ds
PREHOOK: type: QUERY
PREHOOK: Input: default@outputtbl1
#### A masked pattern was here ####
POSTHOOK: query: select * from outputTbl1 where ds is not null order by key, values, ds
POSTHOOK: type: QUERY
POSTHOOK: Input: default@outputtbl1
#### A masked pattern was here ####
