PREHOOK: query: create table alltypesorc1 STORED AS ORC as
select ctinyint as c1, cint as c2, cbigint as c3, ctinyint as c4, cint as c5, cbigint as c6, cint as c7, cbigint as c8, cbigint as c9, cstring1 as c10 from alltypesorc
PREHOOK: type: CREATETABLE_AS_SELECT
PREHOOK: Input: default@alltypesorc
POSTHOOK: query: create table alltypesorc1 STORED AS ORC as
select ctinyint as c1, cint as c2, cbigint as c3, ctinyint as c4, cint as c5, cbigint as c6, cint as c7, cbigint as c8, cbigint as c9, cstring1 as c10 from alltypesorc
POSTHOOK: type: CREATETABLE_AS_SELECT
POSTHOOK: Input: default@alltypesorc
POSTHOOK: Output: default@alltypesorc1
PREHOOK: query: create table alltypesorc2 STORED AS ORC as
select ctinyint as c11, cint as c12, cbigint as c13, ctinyint as c14, cint as c15, cbigint as c16, cint as c17, cbigint as c18, cbigint as c19, cstring1 as c20 from alltypesorc where ctinyint is not null and cint is not null and cbigint is not null limit 0
PREHOOK: type: CREATETABLE_AS_SELECT
PREHOOK: Input: default@alltypesorc
POSTHOOK: query: create table alltypesorc2 STORED AS ORC as
select ctinyint as c11, cint as c12, cbigint as c13, ctinyint as c14, cint as c15, cbigint as c16, cint as c17, cbigint as c18, cbigint as c19, cstring1 as c20 from alltypesorc where ctinyint is not null and cint is not null and cbigint is not null limit 0
POSTHOOK: type: CREATETABLE_AS_SELECT
POSTHOOK: Input: default@alltypesorc
POSTHOOK: Output: default@alltypesorc2
PREHOOK: query: explain
select unix_timestamp(), alltypesorc1.* from alltypesorc1 join alltypesorc2 on (c1 = c11 and c2 = c12 and c3 = c13 and c4 = c14 and c5 = c15 and c6 = c16 and c7 = c17 and c8 = c18 and c9 = c19)
PREHOOK: type: QUERY
POSTHOOK: query: explain
select unix_timestamp(), alltypesorc1.* from alltypesorc1 join alltypesorc2 on (c1 = c11 and c2 = c12 and c3 = c13 and c4 = c14 and c5 = c15 and c6 = c16 and c7 = c17 and c8 = c18 and c9 = c19)
POSTHOOK: type: QUERY
STAGE DEPENDENCIES:
  Stage-4 is a root stage
  Stage-3 depends on stages: Stage-4
  Stage-0 is a root stage

STAGE PLANS:
  Stage: Stage-4
    Map Reduce Local Work
      Alias -> Map Local Tables:
        alltypesorc2 
          Fetch Operator
            limit: -1
      Alias -> Map Local Operator Tree:
        alltypesorc2 
          TableScan
            alias: alltypesorc2
            Statistics: Num rows: 0 Data size: 45 Basic stats: PARTIAL Column stats: NONE
            HashTable Sink Operator
              condition expressions:
                0 {c1} {c2} {c3} {c4} {c5} {c6} {c7} {c8} {c9} {c10}
                1 
              keys:
                0 c1 (type: tinyint), c2 (type: int), c3 (type: bigint), c4 (type: tinyint), c5 (type: int), c6 (type: bigint), c7 (type: int), c8 (type: bigint), c9 (type: bigint)
                1 c11 (type: tinyint), c12 (type: int), c13 (type: bigint), c14 (type: tinyint), c15 (type: int), c16 (type: bigint), c17 (type: int), c18 (type: bigint), c19 (type: bigint)

  Stage: Stage-3
    Map Reduce
      Map Operator Tree:
          TableScan
            alias: alltypesorc1
            Statistics: Num rows: 12288 Data size: 1366874 Basic stats: COMPLETE Column stats: NONE
            Map Join Operator
              condition map:
                   Inner Join 0 to 1
              condition expressions:
                0 {c1} {c2} {c3} {c4} {c5} {c6} {c7} {c8} {c9} {c10}
                1 
              keys:
                0 c1 (type: tinyint), c2 (type: int), c3 (type: bigint), c4 (type: tinyint), c5 (type: int), c6 (type: bigint), c7 (type: int), c8 (type: bigint), c9 (type: bigint)
                1 c11 (type: tinyint), c12 (type: int), c13 (type: bigint), c14 (type: tinyint), c15 (type: int), c16 (type: bigint), c17 (type: int), c18 (type: bigint), c19 (type: bigint)
              outputColumnNames: _col0, _col1, _col2, _col3, _col4, _col5, _col6, _col7, _col8, _col9
              Statistics: Num rows: 13516 Data size: 1503561 Basic stats: COMPLETE Column stats: NONE
              Select Operator
                expressions: unix_timestamp() (type: bigint), _col0 (type: tinyint), _col1 (type: int), _col2 (type: bigint), _col3 (type: tinyint), _col4 (type: int), _col5 (type: bigint), _col6 (type: int), _col7 (type: bigint), _col8 (type: bigint), _col9 (type: string)
                outputColumnNames: _col0, _col1, _col2, _col3, _col4, _col5, _col6, _col7, _col8, _col9, _col10
                Statistics: Num rows: 13516 Data size: 1503561 Basic stats: COMPLETE Column stats: NONE
                File Output Operator
                  compressed: false
                  Statistics: Num rows: 13516 Data size: 1503561 Basic stats: COMPLETE Column stats: NONE
                  table:
                      input format: org.apache.hadoop.mapred.TextInputFormat
                      output format: org.apache.hadoop.hive.ql.io.HiveIgnoreKeyTextOutputFormat
                      serde: org.apache.hadoop.hive.serde2.lazy.LazySimpleSerDe
      Local Work:
        Map Reduce Local Work

  Stage: Stage-0
    Fetch Operator
      limit: -1

PREHOOK: query: select unix_timestamp(), alltypesorc1.* from alltypesorc1 join alltypesorc2 on (c1 = c11 and c2 = c12 and c3 = c13 and c4 = c14 and c5 = c15 and c6 = c16 and c7 = c17 and c8 = c18 and c9 = c19)
PREHOOK: type: QUERY
PREHOOK: Input: default@alltypesorc1
PREHOOK: Input: default@alltypesorc2
#### A masked pattern was here ####
POSTHOOK: query: select unix_timestamp(), alltypesorc1.* from alltypesorc1 join alltypesorc2 on (c1 = c11 and c2 = c12 and c3 = c13 and c4 = c14 and c5 = c15 and c6 = c16 and c7 = c17 and c8 = c18 and c9 = c19)
POSTHOOK: type: QUERY
POSTHOOK: Input: default@alltypesorc1
POSTHOOK: Input: default@alltypesorc2
#### A masked pattern was here ####
