FAILED: ParseException line 1:23 cannot recognize input near 'q1' 'as' '(' in table source
