FAILED: SemanticException [Error 10234]: Table(s) specified in map-join hint is(are) not valid for this map-join
